{
  "machines": {
    "machine_0": "machine_off",
    "machine_1": "machine_off"
  }
}
