{
  "machines": {
    "machine_0": "machine_active",
    "machine_1": "machine_on_only"
  }
}

